[dmeter.local/index.html]
[backblue.gif]
[fade.gif]
[index.html]
[dmeter.local/wp-content/themes/hello-elementor/style.minb12b.css]
[dmeter.local/wp-content/themes/hello-elementor/theme.minb12b.css]
[dmeter.local/wp-content/themes/hello-elementor/header-footer.minb12b.css]
[dmeter.local/wp-content/plugins/elementor/assets/css/frontend-lite.mind5d5.css]
[dmeter.local/wp-content/uploads/elementor/css/post-1018df.css]
[dmeter.local/wp-content/plugins/elementor/assets/lib/swiper/v8/css/swiper.min94a4.css]
[dmeter.local/wp-content/uploads/elementor/css/global18df.css]
[dmeter.local/wp-content/uploads/elementor/css/post-113106.css]
[dmeter.local/wp-json/wp/v2/pages/11.json]
[dmeter.local/xmlrpc0db0.php]
[dmeter.local/feed/index.html]
[dmeter.local/comments/feed/index.html]
[dmeter.local/wp-json/index.html]
[dmeter.local/wp-json/oembed/1.0/embedbba0.json]
[dmeter.local/wp-json/oembed/1.0/embed46d0]
[dmeter.local/wp-content/uploads/2024/09/cropped-cropped-dmeterbw-modified-32x32.png]
[dmeter.local/wp-content/uploads/2024/09/cropped-cropped-dmeterbw-modified-192x192.png]
[dmeter.local/wp-content/uploads/2024/09/cropped-cropped-dmeterbw-modified-180x180.png]
[dmeter.local/wp-content/uploads/2024/09/dmeterbw-modified.png]
[dmeter.local/about/index.html]
[dmeter.local/wp-content/plugins/elementor/assets/css/widget-icon-box.min.css]
[dmeter.local/dmrv-system/index.html]
[dmeter.local/wp-content/uploads/2024/09/swot2.jpg]
[dmeter.local/wp-content/uploads/2024/09/silvi.jpg]
[dmeter.local/wp-content/uploads/2024/09/interform.jpg]
[dmeter.local/business-cases/index.html]
[dmeter.local/wp-content/uploads/2024/09/eco_labs_development_co_logo.jpg]
[dmeter.local/wp-content/uploads/2024/09/avano2.jpg]
[dmeter.local/wp-content/uploads/2024/09/azos2-1024x217.png]
[dmeter.local/wp-content/themes/hello-elementor/assets/js/hello-frontend.minb12b.js]
[dmeter.local/wp-includes/js/jquery/jquery.minf43b.js]
[dmeter.local/wp-includes/js/jquery/jquery-migrate.min5589.js]
[dmeter.local/wp-content/plugins/elementor/assets/lib/jquery-numerator/jquery-numerator.min3958.js]
[dmeter.local/wp-content/plugins/elementor/assets/js/webpack.runtime.mind5d5.js]
[dmeter.local/wp-content/plugins/elementor/assets/js/frontend-modules.mind5d5.js]
[dmeter.local/wp-content/plugins/elementor/assets/lib/waypoints/waypoints.min05da.js]
[dmeter.local/wp-includes/js/jquery/ui/core.minb37e.js]
[dmeter.local/wp-content/plugins/elementor/assets/js/frontend.mind5d5.js]
[dmeter.local/index.html]
[dmeter.local/wp-content/themes/hello-elementor/style.minb12b.css]
[dmeter.local/wp-content/themes/hello-elementor/theme.minb12b.css]
[dmeter.local/wp-content/themes/hello-elementor/header-footer.minb12b.css]
[dmeter.local/wp-content/plugins/elementor/assets/css/frontend-lite.mind5d5.css]
[dmeter.local/wp-content/uploads/elementor/css/post-1018df.css]
[dmeter.local/wp-content/plugins/elementor/assets/lib/swiper/v8/css/swiper.min94a4.css]
[dmeter.local/wp-content/uploads/elementor/css/global18df.css]
[dmeter.local/wp-content/uploads/elementor/css/post-113106.css]
[dmeter.local/wp-content/uploads/elementor/css/post-2499b6.css]
[dmeter.local/wp-json/wp/v2/pages/24.json]
[dmeter.local/wp-json/oembed/1.0/embed5b86.json]
[dmeter.local/wp-content/uploads/2024/09/landscape.webp]
[dmeter.local/dmrv-system/index.html]
[dmeter.local/wp-json/oembed/1.0/embed4087]
[dmeter.local/wp-content/uploads/elementor/css/post-16383c.css]
[dmeter.local/wp-json/wp/v2/pages/16.json]
[dmeter.local/wp-json/oembed/1.0/embedf0e7.json]
[dmeter.local/wp-content/uploads/2024/09/vision.png]
[dmeter.local/wp-json/oembed/1.0/embed1995]
[dmeter.local/wp-content/uploads/2024/09/vision2.png]
[dmeter.local/about/index.html]
[dmeter.local/wp-content/uploads/elementor/css/post-26551c.css]
[dmeter.local/wp-json/wp/v2/pages/26.json]
[dmeter.local/wp-json/oembed/1.0/embed343b.json]
[dmeter.local/wp-json/oembed/1.0/embedaac9]
[dmeter.local/wp-content/uploads/2024/09/7133a38e-ff48-47ed-af41-95716cac0226.webp]
[dmeter.local/wp-content/uploads/2024/09/8e78bfb6-7aaf-48df-9363-b0d26eacc758.webp]
[dmeter.local/business-cases/index.html]
[dmeter.local/wp-content/plugins/elementor/assets/css/widget-icon-box.min.css]
[dmeter.local/wp-content/themes/hello-elementor/assets/js/hello-frontend.minb12b.js]
[dmeter.local/wp-includes/js/jquery/jquery.minf43b.js]
[dmeter.local/wp-includes/js/jquery/jquery-migrate.min5589.js]
[dmeter.local/wp-content/plugins/elementor/assets/lib/jquery-numerator/jquery-numerator.min3958.js]
[dmeter.local/wp-content/plugins/elementor/assets/js/webpack.runtime.mind5d5.js]
[dmeter.local/wp-content/plugins/elementor/assets/js/frontend-modules.mind5d5.js]
[dmeter.local/wp-content/plugins/elementor/assets/lib/waypoints/waypoints.min05da.js]
[dmeter.local/wp-includes/js/jquery/ui/core.minb37e.js]
[dmeter.local/-negative.31.delayed]
[dmeter.local/wp-content/plugins/elementor/assets/js/frontend.mind5d5.js]
[dmeter.local/OPR/index.html]
[dmeter.local/wp-content/uploads/elementor/css/post-2499b6.css]
[dmeter.local/index2cf9.html]
[dmeter.local/wp-content/uploads/elementor/css/post-16383c.css]
[dmeter.local/index0e62.html]
[dmeter.local/wp-content/uploads/elementor/css/post-26551c.css]
[dmeter.local/index88b9.html]
[dmeter.local/-negative.html]
[dmeter.local/OPR/index.html]
[dmeter.local/wp-content/uploads/2024/09/vision2.png]
